<?xml version="1.0" ?>
<testsuites errors="0" failures="0" name="ABLUnit" tests="16"><testsuite name="C:\Users\niand\Progress\Developer Studio 4.3.1\workspace\prolint.net\Tests\IOTest.cls" tests="5" time=".004"><testcase name="testGetDirectory" status="Success" time="0"/><testcase name="testGetFileName" status="Success" time="0"/><testcase name="testMakePath" status="Success" time="0"/><testcase name="testPathExists" status="Success" time=".001"/><testcase name="testGetFileExt" status="Success" time=".001"/></testsuite><testsuite name="C:\Users\niand\Progress\Developer Studio 4.3.1\workspace\prolint.net\Tests\MathTest.cls" tests="7" time=".002"><testcase name="testbin_xor" status="Success" time=".001"/><testcase name="testbin_or" status="Success" time="0"/><testcase name="testbin_and" status="Success" time="0"/><testcase name="testbin_lshift" status="Success" time="0"/><testcase name="testbin_rshift" status="Success" time=".001"/><testcase name="testcast_byte" status="Success" time="0"/><testcase name="testcast_short" status="Success" time="0"/></testsuite><testsuite name="C:\Users\niand\Progress\Developer Studio 4.3.1\workspace\prolint.net\Tests\StringsTest.cls" tests="4" time=".002"><testcase name="testAppendEntry" status="Success" time="0"/><testcase name="testAppendUniqueEntry" status="Success" time="0"/><testcase name="testHasEntry" status="Success" time=".001"/><testcase name="testIsEmptyOrNull" status="Success" time="0"/></testsuite></testsuites>